C51 COMPILER V7.06   AD9779A                                                               11/28/2016 13:19:34 PAGE 1   


C51 COMPILER V7.06, COMPILATION OF MODULE AD9779A
OBJECT MODULE PLACED IN ad9779a.OBJ
COMPILER INVOKED BY: d:\Keil\C51\BIN\C51.EXE ad9779a.c COMPACT BROWSE DEBUG OBJECTEXTEND

stmt level    source

   1          #include "C8051F340.h"
   2          #define uchar unsigned char
   3          #define uint  unsigned int
   4          #define ulong unsigned long
   5          
   6          sbit DAC_CS1    = P3^0;         //output
   7          sbit DAC_CS2    = P3^1;         //output
   8          sbit DAC_CS3    = P3^2;         //output
   9          sbit DAC_CS4    = P3^3;         //output
  10          sbit DAC_SCLK   = P3^4;         //output 
  11          sbit DAC_SDIO   = P3^5;         //output
  12          sbit DAC_SDO    = P3^6;         //input
  13          
  14          extern void delay(uint cnt);                     // 延时
  15          void DA_SPI(uchar add, uchar num);       // write DA register
  16          void ini9779(uchar number);                      // 初始化DAC,0:power down;1:normal
  17          uchar read_DA(uchar num,uchar add);              //read DAC
  18          /*---------------------------------------
  19          purpose:初始化DAC
  20          parameters:  0:power down;1:normal
  21          modify:
  22          ----------------------------------------*/
  23          void ini9779(uchar number)
  24          {
  25   1              delay(5);
  26   1          //-------da set-------//
  27   1              if(number==0)
  28   1                      DA_SPI(0x00,0x10);                      //power down DA
  29   1              else
  30   1              {
  31   2                      DA_SPI(0x00,0x00);                      //DA normal
  32   2                      DA_SPI(0x02,0x88);                      //unsigned binary  88
  33   2      
  34   2                      DA_SPI(0x01,0xc0);                      //Interpolation filter *8
  35   2                      DA_SPI(0x08,0x17);
  36   2                      DA_SPI(0x09,0xd2);
  37   2                      DA_SPI(0x0a,0x0f);
  38   2      
  39   2                      DA_SPI(0x0b,0xb5);
  40   2                      DA_SPI(0x0c,0x03);
  41   2                      DA_SPI(0x0f,0xb5);
  42   2                      DA_SPI(0x10,0x03);
  43   2              }
  44   1      }
  45          
  46          /*---------------------------------------
  47          purpose:在DAC指定的地址写寄存器的值
  48          parameters:
  49          modify:
  50          ----------------------------------------*/
  51          void DA_SPI(uchar add, uchar num)
  52          {       
  53   1              idata uchar i=0;
  54   1              idata uint  reg=0;
  55   1      
C51 COMPILER V7.06   AD9779A                                                               11/28/2016 13:19:34 PAGE 2   

  56   1              DAC_SDIO = 0;
  57   1              DAC_CS1=1;
  58   1              DAC_CS2=1;
  59   1              DAC_CS3=1;
  60   1              DAC_CS4=1;
  61   1              reg=add;
  62   1              reg=reg<<8;
  63   1              reg=reg+num;
  64   1              DAC_CS1=0;
  65   1              DAC_CS2=0;
  66   1              DAC_CS3=0;
  67   1              DAC_CS4=0;
  68   1              do
  69   1              {
  70   2                      if((reg&0x8000) == 0x8000)
  71   2                              DAC_SDIO = 1;
  72   2                      else
  73   2                              DAC_SDIO = 0;
  74   2                      DAC_SCLK = 0;
  75   2                      delay(10);                                              //最小50ns
  76   2                      DAC_SCLK = 1;
  77   2                      delay(10);
  78   2                      DAC_SCLK = 0;
  79   2                      reg=reg<<1;
  80   2                      i++;
  81   2              }while(i<16);
  82   1              DAC_CS1=1;
  83   1              DAC_CS2=1;
  84   1              DAC_CS3=1;
  85   1              DAC_CS4=1;
  86   1      }
  87          /*---------------------------------------
  88          purpose:read AD9779
  89          parameters:
  90          modify:
  91          ----------------------------------------*/                                                                       
  92          uchar read_DA(uchar num,uchar add)
  93          {       
  94   1              idata uchar i=0;
  95   1              idata uchar reg=0;
  96   1              idata uchar da_temp,temp;       
  97   1      
  98   1              DAC_SDIO = 0;           
  99   1              DAC_CS1=1;
 100   1              DAC_CS2=1;
 101   1              DAC_CS3=1;
 102   1              DAC_CS4=1;
 103   1              reg=add+0x80;                   //8bit instruction
 104   1              switch(num)
 105   1              {
 106   2                      case 1: DAC_CS1=0; break;
 107   2                      case 2: DAC_CS2=0; break;
 108   2                      case 3: DAC_CS3=0; break;
 109   2                      case 4: DAC_CS4=0; break;
 110   2                      default: break;
 111   2              }
 112   1                      
 113   1              do
 114   1              {
 115   2                      if((reg&0x80) == 0x80)
 116   2                              DAC_SDIO = 1;
 117   2                      else
C51 COMPILER V7.06   AD9779A                                                               11/28/2016 13:19:34 PAGE 3   

 118   2                              DAC_SDIO = 0;
 119   2                      DAC_SCLK = 0;
 120   2                      delay(10);                                              //最小50ns
 121   2                      DAC_SCLK = 1;
 122   2                      delay(10);
 123   2                      DAC_SCLK = 0;
 124   2                      reg=reg<<1;
 125   2                      i++;
 126   2              }while(i<8);
 127   1              i=0;
 128   1              do
 129   1              {
 130   2                      DAC_SCLK = 0;
 131   2                      delay(10);                                              //最小50ns
 132   2                      DAC_SCLK = 1;
 133   2                      da_temp=da_temp<<1;
 134   2                      temp=DAC_SDO;
 135   2                      da_temp=temp+da_temp;
 136   2                      delay(10);
 137   2                      DAC_SCLK = 0;
 138   2                      i++;
 139   2              }while(i<8);
 140   1              DAC_CS1=1;
 141   1              DAC_CS2=1;
 142   1              DAC_CS3=1;
 143   1              DAC_CS4=1;
 144   1      
 145   1              return da_temp;
 146   1      }


MODULE INFORMATION:   STATIC OVERLAYABLE
   CODE SIZE        =    360    ----
   CONSTANT SIZE    =   ----    ----
   XDATA SIZE       =   ----    ----
   PDATA SIZE       =   ----       1
   DATA SIZE        =   ----    ----
   IDATA SIZE       =   ----       7
   BIT SIZE         =   ----    ----
END OF MODULE INFORMATION.


C51 COMPILATION COMPLETE.  0 WARNING(S),  0 ERROR(S)
